Archive member included because of file (symbol)

/Users/lime/Library/Application Support/Pebble SDK/SDKs/current/sdk-core/pebble/aplite/lib/libpebble.a(tmpIoaHbqpebble.o)
                              src/main.c.19.o (app_event_loop)

Allocating common symbols
Common symbol       size              file

globalSettings      0x7               src/settings.c.19.o
message_processed_callback
                    0x4               src/app.c.19.o

Discarded input sections

 .text          0x0000000000000000        0x0 /usr/local/Cellar/pebble-toolchain/2.0/arm-cs-tools/bin/../lib/gcc/arm-none-eabi/4.7.2/thumb2/crti.o
 .bss           0x0000000000000000        0x0 /usr/local/Cellar/pebble-toolchain/2.0/arm-cs-tools/bin/../lib/gcc/arm-none-eabi/4.7.2/thumb2/crti.o
 .init          0x0000000000000000        0x4 /usr/local/Cellar/pebble-toolchain/2.0/arm-cs-tools/bin/../lib/gcc/arm-none-eabi/4.7.2/thumb2/crti.o
 .fini          0x0000000000000000        0x4 /usr/local/Cellar/pebble-toolchain/2.0/arm-cs-tools/bin/../lib/gcc/arm-none-eabi/4.7.2/thumb2/crti.o
 .text          0x0000000000000000       0xc8 /usr/local/Cellar/pebble-toolchain/2.0/arm-cs-tools/bin/../lib/gcc/arm-none-eabi/4.7.2/thumb2/crtbegin.o
 .bss           0x0000000000000000       0x1c /usr/local/Cellar/pebble-toolchain/2.0/arm-cs-tools/bin/../lib/gcc/arm-none-eabi/4.7.2/thumb2/crtbegin.o
 .init_array    0x0000000000000000        0x4 /usr/local/Cellar/pebble-toolchain/2.0/arm-cs-tools/bin/../lib/gcc/arm-none-eabi/4.7.2/thumb2/crtbegin.o
 .fini_array    0x0000000000000000        0x4 /usr/local/Cellar/pebble-toolchain/2.0/arm-cs-tools/bin/../lib/gcc/arm-none-eabi/4.7.2/thumb2/crtbegin.o
 .eh_frame      0x0000000000000000        0x0 /usr/local/Cellar/pebble-toolchain/2.0/arm-cs-tools/bin/../lib/gcc/arm-none-eabi/4.7.2/thumb2/crtbegin.o
 .jcr           0x0000000000000000        0x0 /usr/local/Cellar/pebble-toolchain/2.0/arm-cs-tools/bin/../lib/gcc/arm-none-eabi/4.7.2/thumb2/crtbegin.o
 .tm_clone_table
                0x0000000000000000        0x0 /usr/local/Cellar/pebble-toolchain/2.0/arm-cs-tools/bin/../lib/gcc/arm-none-eabi/4.7.2/thumb2/crtbegin.o
 .text          0x0000000000000000        0x0 src/app.c.19.o
 .bss           0x0000000000000000        0x0 src/app.c.19.o
 .text          0x0000000000000000        0x0 src/clock_numbers.c.19.o
 .bss           0x0000000000000000        0x0 src/clock_numbers.c.19.o
 .text.ClockNumber_offset
                0x0000000000000000       0x2c src/clock_numbers.c.19.o
 .text          0x0000000000000000        0x0 src/main.c.19.o
 .bss           0x0000000000000000        0x0 src/main.c.19.o
 .data.monthNames
                0x0000000000000000      0x7e0 src/main.c.19.o
 .data.dayNames
                0x0000000000000000      0x498 src/main.c.19.o
 .text          0x0000000000000000        0x0 src/settings.c.19.o
 .bss           0x0000000000000000        0x0 src/settings.c.19.o
 .text          0x0000000000000000        0x0 aplite/appinfo.auto.c.19.o
 .bss           0x0000000000000000        0x0 aplite/appinfo.auto.c.19.o
 .bss           0x0000000000000000        0x0 /Users/lime/Library/Application Support/Pebble SDK/SDKs/current/sdk-core/pebble/aplite/lib/libpebble.a(tmpIoaHbqpebble.o)
 .text.accel_data_service_subscribe__deprecated
                0x0000000000000000        0xc /Users/lime/Library/Application Support/Pebble SDK/SDKs/current/sdk-core/pebble/aplite/lib/libpebble.a(tmpIoaHbqpebble.o)
 .text.accel_data_service_unsubscribe
                0x0000000000000000        0xc /Users/lime/Library/Application Support/Pebble SDK/SDKs/current/sdk-core/pebble/aplite/lib/libpebble.a(tmpIoaHbqpebble.o)
 .text.accel_service_peek
                0x0000000000000000        0xc /Users/lime/Library/Application Support/Pebble SDK/SDKs/current/sdk-core/pebble/aplite/lib/libpebble.a(tmpIoaHbqpebble.o)
 .text.accel_service_set_samples_per_update
                0x0000000000000000        0xc /Users/lime/Library/Application Support/Pebble SDK/SDKs/current/sdk-core/pebble/aplite/lib/libpebble.a(tmpIoaHbqpebble.o)
 .text.accel_service_set_sampling_rate
                0x0000000000000000        0xc /Users/lime/Library/Application Support/Pebble SDK/SDKs/current/sdk-core/pebble/aplite/lib/libpebble.a(tmpIoaHbqpebble.o)
 .text.accel_tap_service_subscribe
                0x0000000000000000        0xc /Users/lime/Library/Application Support/Pebble SDK/SDKs/current/sdk-core/pebble/aplite/lib/libpebble.a(tmpIoaHbqpebble.o)
 .text.accel_tap_service_unsubscribe
                0x0000000000000000        0xc /Users/lime/Library/Application Support/Pebble SDK/SDKs/current/sdk-core/pebble/aplite/lib/libpebble.a(tmpIoaHbqpebble.o)
 .text.action_bar_layer_legacy2_add_to_window
                0x0000000000000000        0xc /Users/lime/Library/Application Support/Pebble SDK/SDKs/current/sdk-core/pebble/aplite/lib/libpebble.a(tmpIoaHbqpebble.o)
 .text.action_bar_layer_legacy2_clear_icon
[...]
Memory Configuration

Name             Origin             Length             Attributes
APP              0x0000000000000000 0x0000000000006000 xrw
*default*        0x0000000000000000 0xffffffffffffffff

Linker script and memory map

LOAD /usr/local/Cellar/pebble-toolchain/2.0/arm-cs-tools/bin/../lib/gcc/arm-none-eabi/4.7.2/thumb2/crti.o
LOAD /usr/local/Cellar/pebble-toolchain/2.0/arm-cs-tools/bin/../lib/gcc/arm-none-eabi/4.7.2/thumb2/crtbegin.o
LOAD src/app.c.19.o
LOAD src/clock_numbers.c.19.o
LOAD src/main.c.19.o
LOAD src/settings.c.19.o
LOAD aplite/appinfo.auto.c.19.o
LOAD /Users/lime/Library/Application Support/Pebble SDK/SDKs/current/sdk-core/pebble/aplite/lib/libpebble.a
START GROUP
LOAD /usr/local/Cellar/pebble-toolchain/2.0/arm-cs-tools/bin/../lib/gcc/arm-none-eabi/4.7.2/thumb2/libgcc.a
LOAD /usr/local/Cellar/pebble-toolchain/2.0/arm-cs-tools/bin/../lib/gcc/arm-none-eabi/4.7.2/../../../../arm-none-eabi/lib/thumb2/libc.a
END GROUP
LOAD /usr/local/Cellar/pebble-toolchain/2.0/arm-cs-tools/bin/../lib/gcc/arm-none-eabi/4.7.2/thumb2/crtend.o
LOAD /usr/local/Cellar/pebble-toolchain/2.0/arm-cs-tools/bin/../lib/gcc/arm-none-eabi/4.7.2/thumb2/crtn.o

.header         0x0000000000000000       0x82
 *(.pbl_header)
 .pbl_header    0x0000000000000000       0x82 aplite/appinfo.auto.c.19.o
                0x0000000000000000                __pbl_app_info

.note.gnu.build-id
                0x0000000000000082       0x26
                0x0000000000000082                PROVIDE (BUILD_ID, .)
 *(.note.gnu.build-id)
 *fill*         0x0000000000000082        0x2 
 .note.gnu.build-id
                0x0000000000000084       0x24 linker stubs

.text           0x00000000000000a8     0x10e8
 *(.text)
 .text          0x00000000000000a8       0x14 /Users/lime/Library/Application Support/Pebble SDK/SDKs/current/sdk-core/pebble/aplite/lib/libpebble.a(tmpIoaHbqpebble.o)
 *(.text.*)
 .text.outbox_sent_callback
                0x00000000000000bc       0x18 src/app.c.19.o
                0x00000000000000bc                outbox_sent_callback
 .text.outbox_failed_callback
                0x00000000000000d4       0x28 src/app.c.19.o
                0x00000000000000d4                outbox_failed_callback
 .text.inbox_dropped_callback
                0x00000000000000fc       0x18 src/app.c.19.o
                0x00000000000000fc                inbox_dropped_callback
 .text.inbox_received_callback
                0x0000000000000114       0xdc src/app.c.19.o
                0x0000000000000114                inbox_received_callback
 .text.app_init
                0x00000000000001f0       0x74 src/app.c.19.o
                0x00000000000001f0                app_init
 .text.ClockNumber_setBlank
                0x0000000000000264        0x8 src/clock_numbers.c.19.o
                0x0000000000000264                ClockNumber_setBlank
 .text.ClockNumber_destruct
                0x000000000000026c       0x14 src/clock_numbers.c.19.o
                0x000000000000026c                ClockNumber_destruct
 .text.imageRender
                0x0000000000000280       0x1e src/clock_numbers.c.19.o
                0x0000000000000280                imageRender
 .text.ClockNumber_setColor
                0x000000000000029e        0x8 src/clock_numbers.c.19.o
                0x000000000000029e                ClockNumber_setColor
 *fill*         0x00000000000002a6        0x2 
 .text.ClockNumber_setNumber
                0x00000000000002a8       0x54 src/clock_numbers.c.19.o
                0x00000000000002a8                ClockNumber_setNumber
 .text.ClockNumber_construct
                0x00000000000002fc       0x82 src/clock_numbers.c.19.o
                0x00000000000002fc                ClockNumber_construct
 *fill*         0x000000000000037e        0x2 
 .text.main_window_unload
                0x0000000000000380       0x74 src/main.c.19.o
 .text.bluetoothStateChanged
                0x00000000000003f4       0x34 src/main.c.19.o
                0x00000000000003f4                bluetoothStateChanged
 .text.sep_update
                0x0000000000000428       0xa8 src/main.c.19.o
                0x0000000000000428                sep_update
 .text.update_clock
                0x00000000000004d0      0x2c8 src/main.c.19.o
                0x00000000000004d0                update_clock
 .text.tick_handler
                0x0000000000000798        0x4 src/main.c.19.o
                0x0000000000000798                tick_handler
 .text.screenRedraw
                0x000000000000079c      0x238 src/main.c.19.o
                0x000000000000079c                screenRedraw
 .text.main_window_load
                0x00000000000009d4      0x21c src/main.c.19.o
 .text.startup.main
                0x0000000000000bf0       0xd0 src/main.c.19.o
                0x0000000000000bf0                main
 .text.Settings_loadFromStorage
                0x0000000000000cc0       0x64 src/settings.c.19.o
                0x0000000000000cc0                Settings_loadFromStorage
 .text.Settings_init
                0x0000000000000d24        0x4 src/settings.c.19.o
                0x0000000000000d24                Settings_init
 .text.Settings_saveToStorage
                0x0000000000000d28       0x4c src/settings.c.19.o
                0x0000000000000d28                Settings_saveToStorage
 .text.Settings_deinit
                0x0000000000000d74        0x4 src/settings.c.19.o
                0x0000000000000d74                Settings_deinit
 .text.app_event_loop
                0x0000000000000d78        0xc /Users/lime/Library/Application Support/Pebble SDK/SDKs/current/sdk-core/pebble/aplite/lib/libpebble.a(tmpIoaHbqpebble.o)
                0x0000000000000d78                app_event_loop
 .text.app_log  0x0000000000000d84        0xc /Users/lime/Library/Application Support/Pebble SDK/SDKs/current/sdk-core/pebble/aplite/lib/libpebble.a(tmpIoaHbqpebble.o)
                0x0000000000000d84                app_log
 .text.app_message_open
                0x0000000000000d90        0xc /Users/lime/Library/Application Support/Pebble SDK/SDKs/current/sdk-core/pebble/aplite/lib/libpebble.a(tmpIoaHbqpebble.o)
                0x0000000000000d90                app_message_open
 .text.bitmap_layer_create
                0x0000000000000d9c        0xc /Users/lime/Library/Application Support/Pebble SDK/SDKs/current/sdk-core/pebble/aplite/lib/libpebble.a(tmpIoaHbqpebble.o)
                0x0000000000000d9c                bitmap_layer_create
 .text.bitmap_layer_destroy
                0x0000000000000da8        0xc /Users/lime/Library/Application Support/Pebble SDK/SDKs/current/sdk-core/pebble/aplite/lib/libpebble.a(tmpIoaHbqpebble.o)
                0x0000000000000da8                bitmap_layer_destroy
 .text.bitmap_layer_get_layer
                0x0000000000000db4        0xc /Users/lime/Library/Application Support/Pebble SDK/SDKs/current/sdk-core/pebble/aplite/lib/libpebble.a(tmpIoaHbqpebble.o)
                0x0000000000000db4                bitmap_layer_get_layer
 .text.bitmap_layer_set_bitmap
                0x0000000000000dc0        0xc /Users/lime/Library/Application Support/Pebble SDK/SDKs/current/sdk-core/pebble/aplite/lib/libpebble.a(tmpIoaHbqpebble.o)
                0x0000000000000dc0                bitmap_layer_set_bitmap
 .text.bitmap_layer_set_compositing_mode
                0x0000000000000dcc        0xc /Users/lime/Library/Application Support/Pebble SDK/SDKs/current/sdk-core/pebble/aplite/lib/libpebble.a(tmpIoaHbqpebble.o)
                0x0000000000000dcc                bitmap_layer_set_compositing_mode
 .text.bluetooth_connection_service_peek
                0x0000000000000dd8        0xc /Users/lime/Library/Application Support/Pebble SDK/SDKs/current/sdk-core/pebble/aplite/lib/libpebble.a(tmpIoaHbqpebble.o)
                0x0000000000000dd8                bluetooth_connection_service_peek
 .text.bluetooth_connection_service_subscribe
                0x0000000000000de4        0xc /Users/lime/Library/Application Support/Pebble SDK/SDKs/current/sdk-core/pebble/aplite/lib/libpebble.a(tmpIoaHbqpebble.o)
                0x0000000000000de4                bluetooth_connection_service_subscribe
 .text.bluetooth_connection_service_unsubscribe
                0x0000000000000df0        0xc /Users/lime/Library/Application Support/Pebble SDK/SDKs/current/sdk-core/pebble/aplite/lib/libpebble.a(tmpIoaHbqpebble.o)
                0x0000000000000df0                bluetooth_connection_service_unsubscribe
 .text.clock_is_24h_style
                0x0000000000000dfc        0xc /Users/lime/Library/Application Support/Pebble SDK/SDKs/current/sdk-core/pebble/aplite/lib/libpebble.a(tmpIoaHbqpebble.o)
                0x0000000000000dfc                clock_is_24h_style
 .text.dict_find
                0x0000000000000e08        0xc /Users/lime/Library/Application Support/Pebble SDK/SDKs/current/sdk-core/pebble/aplite/lib/libpebble.a(tmpIoaHbqpebble.o)
                0x0000000000000e08                dict_find
 .text.fonts_get_system_font
                0x0000000000000e14        0xc /Users/lime/Library/Application Support/Pebble SDK/SDKs/current/sdk-core/pebble/aplite/lib/libpebble.a(tmpIoaHbqpebble.o)
                0x0000000000000e14                fonts_get_system_font
 .text.gbitmap_create_with_resource
                0x0000000000000e20        0xc /Users/lime/Library/Application Support/Pebble SDK/SDKs/current/sdk-core/pebble/aplite/lib/libpebble.a(tmpIoaHbqpebble.o)
                0x0000000000000e20                gbitmap_create_with_resource
 .text.gbitmap_destroy
                0x0000000000000e2c        0xc /Users/lime/Library/Application Support/Pebble SDK/SDKs/current/sdk-core/pebble/aplite/lib/libpebble.a(tmpIoaHbqpebble.o)
                0x0000000000000e2c                gbitmap_destroy
 .text.gpath_create
                0x0000000000000e38        0xc /Users/lime/Library/Application Support/Pebble SDK/SDKs/current/sdk-core/pebble/aplite/lib/libpebble.a(tmpIoaHbqpebble.o)
                0x0000000000000e38                gpath_create
 .text.gpath_destroy
                0x0000000000000e44        0xc /Users/lime/Library/Application Support/Pebble SDK/SDKs/current/sdk-core/pebble/aplite/lib/libpebble.a(tmpIoaHbqpebble.o)
                0x0000000000000e44                gpath_destroy
 .text.layer_add_child
                0x0000000000000e50        0xc /Users/lime/Library/Application Support/Pebble SDK/SDKs/current/sdk-core/pebble/aplite/lib/libpebble.a(tmpIoaHbqpebble.o)
                0x0000000000000e50                layer_add_child
 .text.layer_create
                0x0000000000000e5c        0xc /Users/lime/Library/Application Support/Pebble SDK/SDKs/current/sdk-core/pebble/aplite/lib/libpebble.a(tmpIoaHbqpebble.o)
                0x0000000000000e5c                layer_create
 .text.layer_destroy
                0x0000000000000e68        0xc /Users/lime/Library/Application Support/Pebble SDK/SDKs/current/sdk-core/pebble/aplite/lib/libpebble.a(tmpIoaHbqpebble.o)
                0x0000000000000e68                layer_destroy
 .text.layer_mark_dirty
                0x0000000000000e74        0xc /Users/lime/Library/Application Support/Pebble SDK/SDKs/current/sdk-core/pebble/aplite/lib/libpebble.a(tmpIoaHbqpebble.o)
                0x0000000000000e74                layer_mark_dirty
 .text.layer_set_frame
                0x0000000000000e80        0xc /Users/lime/Library/Application Support/Pebble SDK/SDKs/current/sdk-core/pebble/aplite/lib/libpebble.a(tmpIoaHbqpebble.o)
                0x0000000000000e80                layer_set_frame
 .text.layer_set_hidden
                0x0000000000000e8c        0xc /Users/lime/Library/Application Support/Pebble SDK/SDKs/current/sdk-core/pebble/aplite/lib/libpebble.a(tmpIoaHbqpebble.o)
                0x0000000000000e8c                layer_set_hidden
 .text.layer_set_update_proc
                0x0000000000000e98        0xc /Users/lime/Library/Application Support/Pebble SDK/SDKs/current/sdk-core/pebble/aplite/lib/libpebble.a(tmpIoaHbqpebble.o)
                0x0000000000000e98                layer_set_update_proc
 .text.memset   0x0000000000000ea4        0xc /Users/lime/Library/Application Support/Pebble SDK/SDKs/current/sdk-core/pebble/aplite/lib/libpebble.a(tmpIoaHbqpebble.o)
                0x0000000000000ea4                memset
 .text.persist_exists
                0x0000000000000eb0        0xc /Users/lime/Library/Application Support/Pebble SDK/SDKs/current/sdk-core/pebble/aplite/lib/libpebble.a(tmpIoaHbqpebble.o)
                0x0000000000000eb0                persist_exists
 .text.persist_read_bool
                0x0000000000000ebc        0xc /Users/lime/Library/Application Support/Pebble SDK/SDKs/current/sdk-core/pebble/aplite/lib/libpebble.a(tmpIoaHbqpebble.o)
                0x0000000000000ebc                persist_read_bool
 .text.persist_write_bool
                0x0000000000000ec8        0xc /Users/lime/Library/Application Support/Pebble SDK/SDKs/current/sdk-core/pebble/aplite/lib/libpebble.a(tmpIoaHbqpebble.o)
                0x0000000000000ec8                persist_write_bool
 .text.tick_timer_service_subscribe
                0x0000000000000ed4        0xc /Users/lime/Library/Application Support/Pebble SDK/SDKs/current/sdk-core/pebble/aplite/lib/libpebble.a(tmpIoaHbqpebble.o)
                0x0000000000000ed4                tick_timer_service_subscribe
 .text.tick_timer_service_unsubscribe
                0x0000000000000ee0        0xc /Users/lime/Library/Application Support/Pebble SDK/SDKs/current/sdk-core/pebble/aplite/lib/libpebble.a(tmpIoaHbqpebble.o)
                0x0000000000000ee0                tick_timer_service_unsubscribe
 .text.vibes_enqueue_custom_pattern
                0x0000000000000eec        0xc /Users/lime/Library/Application Support/Pebble SDK/SDKs/current/sdk-core/pebble/aplite/lib/libpebble.a(tmpIoaHbqpebble.o)
                0x0000000000000eec                vibes_enqueue_custom_pattern
 .text.window_create
                0x0000000000000ef8        0xc /Users/lime/Library/Application Support/Pebble SDK/SDKs/current/sdk-core/pebble/aplite/lib/libpebble.a(tmpIoaHbqpebble.o)
                0x0000000000000ef8                window_create
 .text.window_destroy
                0x0000000000000f04        0xc /Users/lime/Library/Application Support/Pebble SDK/SDKs/current/sdk-core/pebble/aplite/lib/libpebble.a(tmpIoaHbqpebble.o)
                0x0000000000000f04                window_destroy
 .text.window_get_root_layer
                0x0000000000000f10        0xc /Users/lime/Library/Application Support/Pebble SDK/SDKs/current/sdk-core/pebble/aplite/lib/libpebble.a(tmpIoaHbqpebble.o)
                0x0000000000000f10                window_get_root_layer
 .text.window_set_window_handlers
                0x0000000000000f1c        0xc /Users/lime/Library/Application Support/Pebble SDK/SDKs/current/sdk-core/pebble/aplite/lib/libpebble.a(tmpIoaHbqpebble.o)
                0x0000000000000f1c                window_set_window_handlers
 .text.window_stack_push
                0x0000000000000f28        0xc /Users/lime/Library/Application Support/Pebble SDK/SDKs/current/sdk-core/pebble/aplite/lib/libpebble.a(tmpIoaHbqpebble.o)
                0x0000000000000f28                window_stack_push
 .text.window_stack_remove
                0x0000000000000f34        0xc /Users/lime/Library/Application Support/Pebble SDK/SDKs/current/sdk-core/pebble/aplite/lib/libpebble.a(tmpIoaHbqpebble.o)
                0x0000000000000f34                window_stack_remove
 .text.app_message_register_inbox_dropped
                0x0000000000000f40        0xc /Users/lime/Library/Application Support/Pebble SDK/SDKs/current/sdk-core/pebble/aplite/lib/libpebble.a(tmpIoaHbqpebble.o)
                0x0000000000000f40                app_message_register_inbox_dropped
 .text.app_message_register_inbox_received
                0x0000000000000f4c        0xc /Users/lime/Library/Application Support/Pebble SDK/SDKs/current/sdk-core/pebble/aplite/lib/libpebble.a(tmpIoaHbqpebble.o)
                0x0000000000000f4c                app_message_register_inbox_received
 .text.app_message_register_outbox_failed
                0x0000000000000f58        0xc /Users/lime/Library/Application Support/Pebble SDK/SDKs/current/sdk-core/pebble/aplite/lib/libpebble.a(tmpIoaHbqpebble.o)
                0x0000000000000f58                app_message_register_outbox_failed
 .text.app_message_register_outbox_sent
                0x0000000000000f64        0xc /Users/lime/Library/Application Support/Pebble SDK/SDKs/current/sdk-core/pebble/aplite/lib/libpebble.a(tmpIoaHbqpebble.o)
                0x0000000000000f64                app_message_register_outbox_sent
 .text.persist_read_data
                0x0000000000000f70        0xc /Users/lime/Library/Application Support/Pebble SDK/SDKs/current/sdk-core/pebble/aplite/lib/libpebble.a(tmpIoaHbqpebble.o)
                0x0000000000000f70                persist_read_data
 .text.persist_write_data
                0x0000000000000f7c        0xc /Users/lime/Library/Application Support/Pebble SDK/SDKs/current/sdk-core/pebble/aplite/lib/libpebble.a(tmpIoaHbqpebble.o)
                0x0000000000000f7c                persist_write_data
 .text.gpath_draw_filled
                0x0000000000000f88        0xc /Users/lime/Library/Application Support/Pebble SDK/SDKs/current/sdk-core/pebble/aplite/lib/libpebble.a(tmpIoaHbqpebble.o)
                0x0000000000000f88                gpath_draw_filled
 .text.setlocale
                0x0000000000000f94        0xc /Users/lime/Library/Application Support/Pebble SDK/SDKs/current/sdk-core/pebble/aplite/lib/libpebble.a(tmpIoaHbqpebble.o)
                0x0000000000000f94                setlocale
 .text.gcolor_equal
                0x0000000000000fa0        0xc /Users/lime/Library/Application Support/Pebble SDK/SDKs/current/sdk-core/pebble/aplite/lib/libpebble.a(tmpIoaHbqpebble.o)
                0x0000000000000fa0                gcolor_equal
 .text.bitmap_layer_set_background_color
                0x0000000000000fac        0xc /Users/lime/Library/Application Support/Pebble SDK/SDKs/current/sdk-core/pebble/aplite/lib/libpebble.a(tmpIoaHbqpebble.o)
                0x0000000000000fac                bitmap_layer_set_background_color
 .text.graphics_context_set_fill_color
                0x0000000000000fb8        0xc /Users/lime/Library/Application Support/Pebble SDK/SDKs/current/sdk-core/pebble/aplite/lib/libpebble.a(tmpIoaHbqpebble.o)
                0x0000000000000fb8                graphics_context_set_fill_color
 .text.window_set_background_color
                0x0000000000000fc4        0xc /Users/lime/Library/Application Support/Pebble SDK/SDKs/current/sdk-core/pebble/aplite/lib/libpebble.a(tmpIoaHbqpebble.o)
                0x0000000000000fc4                window_set_background_color
 .text.localtime
                0x0000000000000fd0        0xc /Users/lime/Library/Application Support/Pebble SDK/SDKs/current/sdk-core/pebble/aplite/lib/libpebble.a(tmpIoaHbqpebble.o)
                0x0000000000000fd0                localtime
 .text.text_layer_create
                0x0000000000000fdc        0xc /Users/lime/Library/Application Support/Pebble SDK/SDKs/current/sdk-core/pebble/aplite/lib/libpebble.a(tmpIoaHbqpebble.o)
                0x0000000000000fdc                text_layer_create
 .text.text_layer_destroy
                0x0000000000000fe8        0xc /Users/lime/Library/Application Support/Pebble SDK/SDKs/current/sdk-core/pebble/aplite/lib/libpebble.a(tmpIoaHbqpebble.o)
                0x0000000000000fe8                text_layer_destroy
 .text.text_layer_get_layer
                0x0000000000000ff4        0xc /Users/lime/Library/Application Support/Pebble SDK/SDKs/current/sdk-core/pebble/aplite/lib/libpebble.a(tmpIoaHbqpebble.o)
                0x0000000000000ff4                text_layer_get_layer
 .text.text_layer_set_background_color
                0x0000000000001000        0xc /Users/lime/Library/Application Support/Pebble SDK/SDKs/current/sdk-core/pebble/aplite/lib/libpebble.a(tmpIoaHbqpebble.o)
                0x0000000000001000                text_layer_set_background_color
 .text.text_layer_set_font
                0x000000000000100c        0xc /Users/lime/Library/Application Support/Pebble SDK/SDKs/current/sdk-core/pebble/aplite/lib/libpebble.a(tmpIoaHbqpebble.o)
                0x000000000000100c                text_layer_set_font
 .text.text_layer_set_text
                0x0000000000001018        0xc /Users/lime/Library/Application Support/Pebble SDK/SDKs/current/sdk-core/pebble/aplite/lib/libpebble.a(tmpIoaHbqpebble.o)
                0x0000000000001018                text_layer_set_text
 .text.text_layer_set_text_color
                0x0000000000001024        0xc /Users/lime/Library/Application Support/Pebble SDK/SDKs/current/sdk-core/pebble/aplite/lib/libpebble.a(tmpIoaHbqpebble.o)
                0x0000000000001024                text_layer_set_text_color
 .text.time     0x0000000000001030        0xc /Users/lime/Library/Application Support/Pebble SDK/SDKs/current/sdk-core/pebble/aplite/lib/libpebble.a(tmpIoaHbqpebble.o)
                0x0000000000001030                time
 *(.rodata)
 .rodata        0x000000000000103c       0xa0 src/main.c.19.o
 *(.rodata*)
 .rodata.str1.1
                0x00000000000010dc       0x65 src/app.c.19.o
 .rodata.str1.1
                0x0000000000001141       0x21 src/main.c.19.o
                                         0x22 (size before relaxing)
 *fill*         0x0000000000001162        0x2 
 .rodata.segments.7915
                0x0000000000001164       0x2c src/main.c.19.o

.glue_7         0x0000000000001190        0x0
 .glue_7        0x0000000000000000        0x0 linker stubs

.glue_7t        0x0000000000001190        0x0
 .glue_7t       0x0000000000000000        0x0 linker stubs

.vfp11_veneer   0x0000000000001190        0x0
 .vfp11_veneer  0x0000000000000000        0x0 linker stubs

.v4_bx          0x0000000000001190        0x0
 .v4_bx         0x0000000000000000        0x0 linker stubs

.iplt           0x0000000000001190        0x0
 .iplt          0x0000000000000000        0x0 /usr/local/Cellar/pebble-toolchain/2.0/arm-cs-tools/bin/../lib/gcc/arm-none-eabi/4.7.2/thumb2/crtbegin.o

.rel.dyn        0x0000000000001190        0x0
 .rel.iplt      0x0000000000000000        0x0 /usr/local/Cellar/pebble-toolchain/2.0/arm-cs-tools/bin/../lib/gcc/arm-none-eabi/4.7.2/thumb2/crtbegin.o
 .rel.got       0x0000000000000000        0x0 /usr/local/Cellar/pebble-toolchain/2.0/arm-cs-tools/bin/../lib/gcc/arm-none-eabi/4.7.2/thumb2/crtbegin.o

.data           0x0000000000001190       0x5c
 *(.data)
 .data          0x0000000000001190        0x0 /usr/local/Cellar/pebble-toolchain/2.0/arm-cs-tools/bin/../lib/gcc/arm-none-eabi/4.7.2/thumb2/crti.o
 .data          0x0000000000001190        0x4 /usr/local/Cellar/pebble-toolchain/2.0/arm-cs-tools/bin/../lib/gcc/arm-none-eabi/4.7.2/thumb2/crtbegin.o
                0x0000000000001190                __dso_handle
 .data          0x0000000000001194        0x0 src/app.c.19.o
 .data          0x0000000000001194        0x0 src/clock_numbers.c.19.o
 .data          0x0000000000001194        0x8 src/main.c.19.o
 .data          0x000000000000119c        0x0 src/settings.c.19.o
 .data          0x000000000000119c        0x0 aplite/appinfo.auto.c.19.o
 .data          0x000000000000119c        0x0 /Users/lime/Library/Application Support/Pebble SDK/SDKs/current/sdk-core/pebble/aplite/lib/libpebble.a(tmpIoaHbqpebble.o)
 .data          0x000000000000119c        0x0 /usr/local/Cellar/pebble-toolchain/2.0/arm-cs-tools/bin/../lib/gcc/arm-none-eabi/4.7.2/thumb2/crtend.o
 .data          0x000000000000119c        0x0 /usr/local/Cellar/pebble-toolchain/2.0/arm-cs-tools/bin/../lib/gcc/arm-none-eabi/4.7.2/thumb2/crtn.o
 *(.data.*)
 .data.ClockNumber_ids
                0x000000000000119c       0x50 src/clock_numbers.c.19.o
                0x000000000000119c                ClockNumber_ids

.igot.plt       0x00000000000011ec        0x0
 .igot.plt      0x0000000000000000        0x0 /usr/local/Cellar/pebble-toolchain/2.0/arm-cs-tools/bin/../lib/gcc/arm-none-eabi/4.7.2/thumb2/crtbegin.o

.got            0x00000000000011ec        0x8
 .got           0x00000000000011ec        0x8 /usr/local/Cellar/pebble-toolchain/2.0/arm-cs-tools/bin/../lib/gcc/arm-none-eabi/4.7.2/thumb2/crtbegin.o

.got.plt        0x00000000000011f4        0xc
 .got.plt       0x00000000000011f4        0xc /usr/local/Cellar/pebble-toolchain/2.0/arm-cs-tools/bin/../lib/gcc/arm-none-eabi/4.7.2/thumb2/crtbegin.o
                0x00000000000011f4                _GLOBAL_OFFSET_TABLE_

.bss            0x0000000000001200       0xab
 *(.bss)
 *(.bss.*)
 .bss.clockNumbers
                0x0000000000001200       0x70 src/main.c.19.o
 .bss.s_time_meridian_zoom_layer
                0x0000000000001270        0x4 src/main.c.19.o
 .bss.s_time_meridian
                0x0000000000001274        0x4 src/main.c.19.o
 .bss.bluetoothConnected
                0x0000000000001278        0x1 src/main.c.19.o
 *fill*         0x0000000000001279        0x3 
 .bss.mainWindow
                0x000000000000127c        0x4 src/main.c.19.o
 .bss.midBarOverlay
                0x0000000000001280        0x4 src/main.c.19.o
 .bss.numberPos
                0x0000000000001284       0x10 src/main.c.19.o
 .bss.s_time_meridian_zoom
                0x0000000000001294        0x4 src/main.c.19.o
 .bss.numberFixOverlay
                0x0000000000001298        0x4 src/main.c.19.o
 .bss.numberFixOverlay_path
                0x000000000000129c        0x4 src/main.c.19.o
 COMMON         0x00000000000012a0        0x4 src/app.c.19.o
                0x00000000000012a0                message_processed_callback
 COMMON         0x00000000000012a4        0x7 src/settings.c.19.o
                0x00000000000012a4                globalSettings

DISCARD
 libc.a(*)
 libm.a(*)
 libgcc.a(*)
 *(.eh_frame)
OUTPUT(/Users/lime/Pebble/Apps/Watchface/Phasr/build/aplite/pebble-app.elf elf32-littlearm)

.ARM.attributes
                0x0000000000000000       0x27
 .ARM.attributes
                0x0000000000000000       0x19 /usr/local/Cellar/pebble-toolchain/2.0/arm-cs-tools/bin/../lib/gcc/arm-none-eabi/4.7.2/thumb2/crti.o
 .ARM.attributes
                0x0000000000000019       0x29 /usr/local/Cellar/pebble-toolchain/2.0/arm-cs-tools/bin/../lib/gcc/arm-none-eabi/4.7.2/thumb2/crtbegin.o
 .ARM.attributes
                0x0000000000000042       0x33 src/app.c.19.o
 .ARM.attributes
                0x0000000000000075       0x33 src/clock_numbers.c.19.o
 .ARM.attributes
                0x00000000000000a8       0x33 src/main.c.19.o
 .ARM.attributes
                0x00000000000000db       0x33 src/settings.c.19.o
 .ARM.attributes
                0x000000000000010e       0x33 aplite/appinfo.auto.c.19.o
 .ARM.attributes
                0x0000000000000141       0x21 /Users/lime/Library/Application Support/Pebble SDK/SDKs/current/sdk-core/pebble/aplite/lib/libpebble.a(tmpIoaHbqpebble.o)
 .ARM.attributes
                0x0000000000000162       0x29 /usr/local/Cellar/pebble-toolchain/2.0/arm-cs-tools/bin/../lib/gcc/arm-none-eabi/4.7.2/thumb2/crtend.o
 .ARM.attributes
                0x000000000000018b       0x19 /usr/local/Cellar/pebble-toolchain/2.0/arm-cs-tools/bin/../lib/gcc/arm-none-eabi/4.7.2/thumb2/crtn.o

.comment        0x0000000000000000       0x4e
 .comment       0x0000000000000000       0x4e /usr/local/Cellar/pebble-toolchain/2.0/arm-cs-tools/bin/../lib/gcc/arm-none-eabi/4.7.2/thumb2/crtbegin.o
                                         0x4f (size before relaxing)
 .comment       0x0000000000000000       0x4f src/app.c.19.o
 .comment       0x0000000000000000       0x4f src/clock_numbers.c.19.o
 .comment       0x0000000000000000       0x4f src/main.c.19.o
 .comment       0x0000000000000000       0x4f src/settings.c.19.o
 .comment       0x0000000000000000       0x4f aplite/appinfo.auto.c.19.o
 .comment       0x0000000000000000       0x4f /usr/local/Cellar/pebble-toolchain/2.0/arm-cs-tools/bin/../lib/gcc/arm-none-eabi/4.7.2/thumb2/crtend.o

.debug_info     0x0000000000000000     0x2dd8
 .debug_info    0x0000000000000000      0x852 src/app.c.19.o
 .debug_info    0x0000000000000852      0x7a2 src/clock_numbers.c.19.o
 .debug_info    0x0000000000000ff4     0x161b src/main.c.19.o
 .debug_info    0x000000000000260f      0x41d src/settings.c.19.o
 .debug_info    0x0000000000002a2c      0x3ac aplite/appinfo.auto.c.19.o

.debug_abbrev   0x0000000000000000      0xae1
 .debug_abbrev  0x0000000000000000      0x265 src/app.c.19.o
 .debug_abbrev  0x0000000000000265      0x2a0 src/clock_numbers.c.19.o
 .debug_abbrev  0x0000000000000505      0x3de src/main.c.19.o
 .debug_abbrev  0x00000000000008e3      0x160 src/settings.c.19.o
 .debug_abbrev  0x0000000000000a43       0x9e aplite/appinfo.auto.c.19.o

.debug_loc      0x0000000000000000      0x738
 .debug_loc     0x0000000000000000      0x25f src/app.c.19.o
 .debug_loc     0x000000000000025f      0x267 src/clock_numbers.c.19.o
 .debug_loc     0x00000000000004c6      0x232 src/main.c.19.o
 .debug_loc     0x00000000000006f8       0x40 src/settings.c.19.o

.debug_aranges  0x0000000000000000      0x138
 .debug_aranges
                0x0000000000000000       0x40 src/app.c.19.o
 .debug_aranges
                0x0000000000000040       0x50 src/clock_numbers.c.19.o
 .debug_aranges
                0x0000000000000090       0x58 src/main.c.19.o
 .debug_aranges
                0x00000000000000e8       0x38 src/settings.c.19.o
 .debug_aranges
                0x0000000000000120       0x18 aplite/appinfo.auto.c.19.o

.debug_ranges   0x0000000000000000      0x1d0
 .debug_ranges  0x0000000000000000       0x30 src/app.c.19.o
 .debug_ranges  0x0000000000000030       0x70 src/clock_numbers.c.19.o
 .debug_ranges  0x00000000000000a0      0x108 src/main.c.19.o
 .debug_ranges  0x00000000000001a8       0x28 src/settings.c.19.o

.debug_line     0x0000000000000000      0xb4e
 .debug_line    0x0000000000000000      0x1d3 src/app.c.19.o
 .debug_line    0x00000000000001d3      0x249 src/clock_numbers.c.19.o
 .debug_line    0x000000000000041c      0x3e9 src/main.c.19.o
 .debug_line    0x0000000000000805      0x1f4 src/settings.c.19.o
 .debug_line    0x00000000000009f9      0x155 aplite/appinfo.auto.c.19.o

.debug_str      0x0000000000000000     0x13b9
 .debug_str     0x0000000000000000      0x599 src/app.c.19.o
                                        0x620 (size before relaxing)
 .debug_str     0x0000000000000599      0x534 src/clock_numbers.c.19.o
                                        0x63e (size before relaxing)
 .debug_str     0x0000000000000acd      0x646 src/main.c.19.o
                                        0x9b0 (size before relaxing)
 .debug_str     0x0000000000001113       0x94 src/settings.c.19.o
                                        0x231 (size before relaxing)
 .debug_str     0x00000000000011a7      0x212 aplite/appinfo.auto.c.19.o
                                        0x5a4 (size before relaxing)

.debug_frame    0x0000000000000000      0x2a8
 .debug_frame   0x0000000000000000       0x8c src/app.c.19.o
 .debug_frame   0x000000000000008c       0xb8 src/clock_numbers.c.19.o
 .debug_frame   0x0000000000000144      0x104 src/main.c.19.o
 .debug_frame   0x0000000000000248       0x60 src/settings.c.19.o
